{"error": "Chunk not found"}